\BOOKMARK [0][-]{chapter.1}{\376\377\122\115\212\000}{}% 1
\BOOKMARK [0][-]{chapter.2}{\376\377\127\372\170\100\167\345\213\306}{}% 2
\BOOKMARK [1][-]{section.2.1}{\376\377\122\035\173\111\145\160\213\272}{chapter.2}% 3
\BOOKMARK [2][-]{subsection.2.1.1}{\376\377\145\164\226\144\116\016\147\000\131\047\121\154\176\246\145\160}{section.2.1}% 4
\BOOKMARK [2][-]{subsection.2.1.2}{\376\377\116\214\121\103\116\000\153\041\116\015\133\232\145\271\172\013\116\016\142\151\134\125\153\047\121\340\221\314\137\227\173\227\154\325}{section.2.1}% 5
\BOOKMARK [2][-]{subsection.2.1.3}{\376\377\215\050\145\160\060\001\124\014\117\131\116\016\175\040\140\047\155\113\213\325}{section.2.1}% 6
\BOOKMARK [2][-]{subsection.2.1.4}{\376\377\124\014\117\131\137\017\116\016\133\131\133\120\133\232\164\006}{section.2.1}% 7
\BOOKMARK [2][-]{subsection.2.1.5}{\376\377\217\336\122\006\145\160}{section.2.1}% 8
\BOOKMARK [1][-]{section.2.2}{\376\377\176\277\140\047\116\343\145\160}{chapter.2}% 9
\BOOKMARK [2][-]{subsection.2.2.1}{\376\377\167\351\226\065\116\016\210\114\122\027\137\017}{section.2.2}% 10
\BOOKMARK [2][-]{subsection.2.2.2}{\376\377\176\277\140\047\123\330\143\142}{section.2.2}% 11
\BOOKMARK [2][-]{subsection.2.2.3}{\376\377\124\021\221\317\172\172\225\364}{section.2.2}% 12
\BOOKMARK [1][-]{section.2.3}{\376\377\142\275\214\141\116\343\145\160}{chapter.2}% 13
\BOOKMARK [2][-]{subsection.2.3.1}{\376\377\226\306\124\010}{section.2.3}% 14
\BOOKMARK [2][-]{subsection.2.3.2}{\376\377\116\343\145\160\174\373\176\337}{section.2.3}% 15
\BOOKMARK [2][-]{subsection.2.3.3}{\376\377\177\244}{section.2.3}% 16
\BOOKMARK [2][-]{subsection.2.3.4}{\376\377\163\257}{section.2.3}% 17
\BOOKMARK [2][-]{subsection.2.3.5}{\376\377\127\337}{section.2.3}% 18
\BOOKMARK [0][-]{chapter.3}{\376\377\133\371\171\360\133\306\170\001}{}% 19
\BOOKMARK [1][-]{section.3.1}{\376\377\155\101\133\306\170\001}{chapter.3}% 20
\BOOKMARK [1][-]{section.3.2}{\376\377\122\006\176\304\133\306\170\001}{chapter.3}% 21
\BOOKMARK [0][-]{chapter.4}{\376\377\227\136\133\371\171\360\133\306\170\001}{}% 22
\BOOKMARK [1][-]{section.4.1}{\376\377\000R\000S\000A}{chapter.4}% 23
\BOOKMARK [2][-]{subsection.4.1.1}{\376\377\166\364\143\245\122\006\211\343\152\041\145\160\000n}{section.4.1}% 24
\BOOKMARK [2][-]{subsection.4.1.2}{\376\377\000W\000i\000e\000n\000e\000r\145\073\121\373\0001\0000}{section.4.1}% 25
\BOOKMARK [2][-]{subsection.4.1.3}{\376\377\121\161\152\041\145\073\121\373}{section.4.1}% 26
\BOOKMARK [2][-]{subsection.4.1.4}{\376\377\166\370\124\014\146\016\145\207\166\204\136\177\144\255\145\073\121\373}{section.4.1}% 27
\BOOKMARK [2][-]{subsection.4.1.5}{\376\377\166\370\121\163\155\210\140\157\145\073\121\373\0001\0001}{section.4.1}% 28
\BOOKMARK [2][-]{subsection.4.1.6}{\376\377\000e\116\016\000\050\000n\000\051\116\015\116\222\215\050}{section.4.1}% 29
\BOOKMARK [1][-]{section.4.2}{\376\377\151\055\127\006\146\362\176\277\133\306\170\001\133\146}{chapter.4}% 30
\BOOKMARK [1][-]{section.4.3}{\376\377\145\160\133\127\173\176\124\015\173\227\154\325}{chapter.4}% 31
\BOOKMARK [1][-]{section.4.4}{\376\377\150\074\133\306\170\001}{chapter.4}% 32
\BOOKMARK [2][-]{subsection.4.4.1}{\376\377\150\074\127\372\211\304\176\246\173\227\154\325}{section.4.4}% 33
\BOOKMARK [2][-]{subsection.4.4.2}{\376\377\211\343\121\263\147\000\217\321\124\021\221\317\225\356\230\230}{section.4.4}% 34
\BOOKMARK [2][-]{subsection.4.4.3}{\376\377\200\314\123\005\225\356\230\230\377\010\000K\000n\000a\000p\000s\000a\000c\000k\000\040\000P\000r\000o\000b\000l\000e\000m\377\011}{section.4.4}% 35
\BOOKMARK [2][-]{subsection.4.4.4}{\376\377\226\220\205\317\145\160\225\356\230\230\377\010\000H\000i\000d\000d\000e\000n\000\040\000N\000u\000m\000b\000e\000r\000\040\000P\000r\000o\000b\000l\000e\000m\377\014\000H\000N\000P\377\011}{section.4.4}% 36
\BOOKMARK [2][-]{subsection.4.4.5}{\376\377\217\321\117\074\121\154\176\246\145\160\225\356\230\230\377\010\000A\000p\000p\000r\000o\000x\000i\000m\000a\000t\000e\000\040\000C\000o\000m\000m\000o\000n\000\040\000D\000i\000v\000i\000s\000o\000r\000\040\000P\000r\000o\000b\000l\000e\000m\000,\000\040\000A\000C\000D\000\040\000P\000r\000o\000b\000l\000e\000m\377\011\0002\0000}{section.4.4}% 37
\BOOKMARK [2][-]{subsection.4.4.6}{\376\377\133\271\225\031\133\146\116\140\225\356\230\230\377\010\000L\000e\000a\000r\000n\000i\000n\000g\000\040\000w\000i\000t\000h\000\040\000E\000r\000r\000o\000r\000s\000,\000\040\000L\000W\000E\377\011}{section.4.4}% 38
\BOOKMARK [2][-]{subsection.4.4.7}{\376\377\000N\000T\000R\000U}{section.4.4}% 39
\BOOKMARK [0][-]{section*.7}{\376\377\000A\000p\000p\000e\000n\000d\000i\000c\000e\000s}{}% 40
\BOOKMARK [0][-]{appendix.1.A}{\376\377\226\104\137\125}{}% 41
